app/layout.tsx(35,23): error TS2322: Type '{ afterSignInUrl: string; }' is not assignable to type 'IntrinsicAttributes & Without<WithClerkProp<SignInProps & FallbackProp>, "clerk">'.
  Property 'afterSignInUrl' does not exist on type 'IntrinsicAttributes & Without<WithClerkProp<SignInProps & FallbackProp>, "clerk">'. Did you mean 'afterSignOutUrl'?
